2026-02-03 16:48:19,901 - processing.engine - INFO - Initializing ProcessingEngine...
2026-02-03 16:48:20,011 - processing.engine - INFO - ProcessingEngine initialized.
2026-02-03 16:50:52,158 - main - INFO - Starting processing for 43434b46-45e5-449e-a7c6-5250ea9d4b20.mp4 with mode=singles, shot_type=rally
2026-02-03 16:50:52,158 - processing.engine - INFO - Opening video: uploads\43434b46-45e5-449e-a7c6-5250ea9d4b20.mp4
2026-02-03 16:50:52,175 - processing.engine - INFO - Video props: 624x352 @ 29.971126082771896fps
2026-02-03 16:50:52,198 - processing.engine - INFO - Output writer initialized: outputs\processed_43434b46-45e5-449e-a7c6-5250ea9d4b20.mp4
2026-02-03 16:50:55,393 - processing.engine - INFO - Lines detected at frame 21
2026-02-03 16:51:08,726 - processing.engine - INFO - Decision made at frame 93: {'decision': 'IN', 'point': (219.35040283203125, 205.62088012695312), 'frame': 78}
2026-02-03 16:52:42,437 - processing.engine - INFO - Generating 3D Hawk-Eye replay for decision: IN
2026-02-03 16:52:45,407 - processing.engine - ERROR - Error during animation generation: module 'cv2' has no attribute 'FONT_HERSHEY_BOLD'
Traceback (most recent call last):
  File "E:\Badminton\backend\processing\engine.py", line 172, in process_video
    for anim_frame in anim_generator:
                      ^^^^^^^^^^^^^^
  File "E:\Badminton\backend\processing\animation.py", line 320, in generate_hawkeye_replay
    frame = self._render_verdict_with_shadow(frame, decision, width, height)
  File "E:\Badminton\backend\processing\animation.py", line 520, in _render_verdict_with_shadow
    font = cv2.FONT_HERSHEY_BOLD
           ^^^^^^^^^^^^^^^^^^^^^
AttributeError: module 'cv2' has no attribute 'FONT_HERSHEY_BOLD'
2026-02-03 16:52:45,588 - processing.engine - INFO - Video processing finished. Total frames: 519
2026-02-03 16:52:45,588 - main - INFO - Processing complete for 43434b46-45e5-449e-a7c6-5250ea9d4b20.mp4
2026-02-03 17:02:43,691 - processing.engine - INFO - Initializing ProcessingEngine...
2026-02-03 17:02:43,808 - processing.engine - INFO - ProcessingEngine initialized.
2026-02-03 17:03:45,208 - main - INFO - Starting processing for ac05173c-76b3-46ca-be37-ac6c4a99dfd6.mp4 with mode=doubles, shot_type=rally
2026-02-03 17:03:45,208 - processing.engine - INFO - Opening video: uploads\ac05173c-76b3-46ca-be37-ac6c4a99dfd6.mp4
2026-02-03 17:03:45,225 - processing.engine - INFO - Video props: 624x352 @ 29.971126082771896fps
2026-02-03 17:03:45,239 - processing.engine - INFO - Output writer initialized: outputs\processed_ac05173c-76b3-46ca-be37-ac6c4a99dfd6.mp4
2026-02-03 17:03:48,462 - processing.engine - INFO - Lines detected at frame 21
2026-02-03 17:04:01,250 - processing.engine - INFO - Decision made at frame 93: {'decision': 'IN', 'point': (219.35040283203125, 205.62088012695312), 'frame': 78}
2026-02-03 17:05:34,789 - processing.engine - INFO - Generating 3D Hawk-Eye replay for decision: IN
2026-02-03 17:05:38,395 - processing.engine - INFO - Animation generation complete. 119 frames added.
2026-02-03 17:05:38,766 - processing.engine - INFO - Video processing finished. Total frames: 519
2026-02-03 17:05:38,767 - main - INFO - Processing complete for ac05173c-76b3-46ca-be37-ac6c4a99dfd6.mp4
2026-02-03 17:10:33,859 - processing.engine - INFO - Initializing ProcessingEngine...
2026-02-03 17:10:33,974 - processing.engine - INFO - ProcessingEngine initialized.
2026-02-03 17:10:39,123 - processing.engine - INFO - Initializing ProcessingEngine...
2026-02-03 17:10:39,228 - processing.engine - INFO - ProcessingEngine initialized.
2026-02-03 17:20:23,474 - processing.engine - INFO - Initializing ProcessingEngine...
2026-02-03 17:20:23,578 - processing.engine - INFO - ProcessingEngine initialized.
2026-02-03 17:26:36,758 - processing.engine - INFO - Initializing ProcessingEngine...
2026-02-03 17:26:36,866 - processing.engine - INFO - ProcessingEngine initialized.
2026-02-03 17:27:08,621 - processing.engine - INFO - Initializing ProcessingEngine...
2026-02-03 17:27:08,728 - processing.engine - INFO - ProcessingEngine initialized.
2026-02-03 17:29:45,354 - main - INFO - Starting processing for 4988f54e-e579-49d1-af05-00ec03c45853.mp4 with mode=singles, shot_type=rally
2026-02-03 17:29:45,354 - processing.engine - INFO - Opening video: uploads\4988f54e-e579-49d1-af05-00ec03c45853.mp4
2026-02-03 17:29:45,372 - processing.engine - INFO - Video props: 624x352 @ 29.971126082771896fps
2026-02-03 17:29:45,381 - processing.engine - INFO - Output writer initialized: outputs\processed_4988f54e-e579-49d1-af05-00ec03c45853.mp4
2026-02-03 17:29:48,628 - processing.engine - INFO - Lines detected at frame 21
2026-02-03 17:30:00,975 - processing.engine - INFO - Decision made at frame 93: {'decision': 'IN', 'point': (219.35040283203125, 205.62088012695312), 'frame': 78}
2026-02-03 17:31:32,267 - processing.engine - INFO - Generating 3D Hawk-Eye replay for decision: IN
2026-02-03 17:31:32,269 - processing.animation - INFO - DEBUG PROJECTION: Cam Pos: [  0.  12. -15.], Pitch: 45.0
2026-02-03 17:31:32,269 - processing.animation - INFO - DEBUG PROJECTION: Court Vertices: [[-2.59, 0, -6.7], [2.59, 0, -6.7], [2.59, 0, 6.7], [-2.59, 0, 6.7]]
2026-02-03 17:31:32,269 - processing.animation - INFO - DEBUG PROJECTION: Projected 2D: [(256, 231), (367, 231), (345, 88), (278, 88)]
2026-02-03 17:31:36,802 - processing.engine - INFO - Animation generation complete. 119 frames added.
2026-02-03 17:31:37,356 - processing.engine - INFO - Video processing finished. Total frames: 519
2026-02-03 17:31:37,356 - main - INFO - Processing complete for 4988f54e-e579-49d1-af05-00ec03c45853.mp4
2026-02-03 17:34:03,145 - processing.engine - INFO - Initializing ProcessingEngine...
2026-02-03 17:34:03,252 - processing.engine - INFO - ProcessingEngine initialized.
2026-02-03 17:39:15,750 - processing.engine - INFO - Initializing ProcessingEngine...
2026-02-03 17:39:15,863 - processing.engine - INFO - ProcessingEngine initialized.
2026-02-03 17:40:02,424 - main - INFO - Starting processing for 931796d0-135f-46be-aa1b-8152ea17baa9.mp4 with mode=singles, shot_type=rally
2026-02-03 17:40:02,424 - processing.engine - INFO - Opening video: uploads\931796d0-135f-46be-aa1b-8152ea17baa9.mp4
2026-02-03 17:40:02,444 - processing.engine - INFO - Video props: 624x352 @ 29.971126082771896fps
2026-02-03 17:40:02,456 - processing.engine - INFO - Output writer initialized: outputs\processed_931796d0-135f-46be-aa1b-8152ea17baa9.mp4
2026-02-03 17:40:05,761 - processing.engine - INFO - Lines detected at frame 21
2026-02-03 17:40:18,240 - processing.engine - INFO - Decision made at frame 93: {'decision': 'IN', 'point': (219.35040283203125, 205.62088012695312), 'frame': 78}
2026-02-03 17:41:49,261 - processing.engine - INFO - Generating 3D Hawk-Eye replay for decision: IN
2026-02-03 17:41:49,263 - processing.animation - INFO - DEBUG PROJECTION: Cam Pos: [  0.  12. -15.], Pitch: 45.0
2026-02-03 17:41:49,263 - processing.animation - INFO - DEBUG PROJECTION: Court Vertices: [[-2.59, 0, -6.7], [2.59, 0, -6.7], [2.59, 0, 6.7], [-2.59, 0, 6.7]]
2026-02-03 17:41:49,263 - processing.animation - INFO - DEBUG PROJECTION: Projected 2D: [(256, 231), (367, 231), (345, 88), (278, 88)]
2026-02-03 17:41:54,054 - processing.engine - INFO - Animation generation complete. 119 frames added.
2026-02-03 17:41:54,609 - processing.engine - INFO - Video processing finished. Total frames: 519
2026-02-03 17:41:54,610 - main - INFO - Processing complete for 931796d0-135f-46be-aa1b-8152ea17baa9.mp4
2026-02-03 17:55:35,958 - processing.engine - INFO - Initializing ProcessingEngine...
2026-02-03 17:55:36,063 - processing.engine - INFO - ProcessingEngine initialized.
2026-02-03 17:56:19,832 - processing.engine - INFO - Initializing ProcessingEngine...
2026-02-03 17:56:19,940 - processing.engine - INFO - ProcessingEngine initialized.
2026-02-03 17:58:32,164 - main - INFO - Starting processing for 9fd73ce1-c912-4af4-8243-83b3960aff76.mp4 with mode=singles, shot_type=rally
2026-02-03 17:58:32,164 - processing.engine - INFO - Opening video: uploads\9fd73ce1-c912-4af4-8243-83b3960aff76.mp4
2026-02-03 17:58:32,220 - processing.engine - INFO - Video props: 624x352 @ 29.971126082771896fps
2026-02-03 17:58:32,229 - processing.engine - INFO - Output writer initialized: outputs\processed_9fd73ce1-c912-4af4-8243-83b3960aff76.mp4
2026-02-03 17:58:35,227 - processing.engine - INFO - Lines detected at frame 21
2026-02-03 17:58:47,529 - processing.engine - INFO - Decision made at frame 93: {'decision': 'IN', 'point': (219.35040283203125, 205.62088012695312), 'frame': 78}
2026-02-03 18:00:19,030 - processing.engine - INFO - Generating 3D Hawk-Eye replay for decision: IN
2026-02-03 18:00:19,032 - processing.animation - INFO - DEBUG PROJECTION: Cam Pos: [  0.  12. -15.], Pitch: 45.0
2026-02-03 18:00:19,033 - processing.animation - INFO - DEBUG PROJECTION: Court Vertices: [[-2.59, 0, -6.7], [2.59, 0, -6.7], [2.59, 0, 6.7], [-2.59, 0, 6.7]]
2026-02-03 18:00:19,033 - processing.animation - INFO - DEBUG PROJECTION: Projected 2D: [(256, 231), (367, 231), (345, 88), (278, 88)]
2026-02-03 18:00:23,780 - processing.engine - INFO - Animation generation complete. 119 frames added.
2026-02-03 18:00:24,328 - processing.engine - INFO - Video processing finished. Total frames: 519
2026-02-03 18:00:24,329 - main - INFO - Processing complete for 9fd73ce1-c912-4af4-8243-83b3960aff76.mp4
2026-02-03 22:57:18,908 - main - INFO - Starting processing for 43bd6763-0808-4d52-9ad5-098dc1b94e0b.mp4 with mode=doubles, shot_type=rally
2026-02-03 22:57:18,913 - processing.engine - INFO - Opening video: uploads\43bd6763-0808-4d52-9ad5-098dc1b94e0b.mp4
2026-02-03 22:57:18,966 - processing.engine - INFO - Video props: 624x352 @ 25.0fps
2026-02-03 22:57:18,978 - processing.engine - INFO - Output writer initialized: outputs\processed_43bd6763-0808-4d52-9ad5-098dc1b94e0b.mp4
2026-02-03 22:57:19,844 - processing.engine - INFO - Lines detected at frame 1
2026-02-03 22:58:55,151 - processing.engine - INFO - Video processing finished. Total frames: 407
2026-02-03 22:58:55,152 - main - INFO - Processing complete for 43bd6763-0808-4d52-9ad5-098dc1b94e0b.mp4
2026-02-03 23:11:48,459 - processing.engine - INFO - Initializing ProcessingEngine...
2026-02-03 23:11:48,662 - processing.engine - INFO - ProcessingEngine initialized.
2026-02-03 23:12:00,679 - processing.engine - INFO - Initializing ProcessingEngine...
2026-02-03 23:12:00,795 - processing.engine - INFO - ProcessingEngine initialized.
2026-02-03 23:12:31,245 - processing.engine - INFO - Initializing ProcessingEngine...
2026-02-03 23:12:31,357 - processing.engine - INFO - ProcessingEngine initialized.
2026-02-04 08:43:28,001 - main - INFO - Starting processing for d1c0ea97-59e7-4261-8a50-339594cf8a13.mp4 with mode=doubles, shot_type=rally
2026-02-04 08:43:28,005 - processing.engine - INFO - Opening video: uploads\d1c0ea97-59e7-4261-8a50-339594cf8a13.mp4
2026-02-04 08:43:28,123 - processing.engine - INFO - Video props: 624x352 @ 25.0fps
2026-02-04 08:43:28,143 - processing.engine - INFO - Output writer initialized: outputs\processed_d1c0ea97-59e7-4261-8a50-339594cf8a13.mp4
2026-02-04 08:43:30,039 - processing.engine - INFO - Lines detected at frame 1
2026-02-04 08:45:06,398 - processing.engine - INFO - Video processing finished. Total frames: 407
2026-02-04 08:45:06,401 - main - INFO - Processing complete for d1c0ea97-59e7-4261-8a50-339594cf8a13.mp4
2026-02-04 08:49:08,332 - main - INFO - Starting processing for 8734818d-7ed9-45f6-934a-ce2c741c718d.mp4 with mode=doubles, shot_type=rally
2026-02-04 08:49:08,332 - processing.engine - INFO - Opening video: uploads\8734818d-7ed9-45f6-934a-ce2c741c718d.mp4
2026-02-04 08:49:08,345 - processing.engine - INFO - Video props: 416x240 @ 25.0fps
2026-02-04 08:49:08,351 - processing.engine - INFO - Output writer initialized: outputs\processed_8734818d-7ed9-45f6-934a-ce2c741c718d.mp4
2026-02-04 08:49:08,512 - processing.engine - INFO - Lines detected at frame 1
2026-02-04 08:51:13,353 - processing.engine - INFO - Video processing finished. Total frames: 780
2026-02-04 08:51:13,353 - main - INFO - Processing complete for 8734818d-7ed9-45f6-934a-ce2c741c718d.mp4
2026-02-04 08:51:42,576 - processing.engine - INFO - Initializing ProcessingEngine...
2026-02-04 08:51:42,729 - processing.engine - INFO - ProcessingEngine initialized.
2026-02-04 08:53:31,950 - processing.engine - INFO - Initializing ProcessingEngine...
2026-02-04 08:53:32,056 - processing.engine - INFO - ProcessingEngine initialized.
2026-02-04 09:02:45,507 - main - INFO - Starting processing for dac3513b-0f10-4a32-bf9f-b9a3e7f9325a.mp4 with mode=doubles, shot_type=rally
2026-02-04 09:02:45,508 - processing.engine - INFO - Opening video: uploads\dac3513b-0f10-4a32-bf9f-b9a3e7f9325a.mp4
2026-02-04 09:02:45,758 - processing.engine - INFO - Video props: 1920x1080 @ 30.0fps
2026-02-04 09:02:45,842 - processing.engine - INFO - Output writer initialized: outputs\processed_dac3513b-0f10-4a32-bf9f-b9a3e7f9325a.mp4
2026-02-04 09:02:46,554 - processing.engine - INFO - Lines detected at frame 1
2026-02-04 09:03:05,988 - processing.engine - INFO - Decision made at frame 47: {'decision': 'OUT', 'point': (920.6028442382812, 919.5535888671875), 'frame': 34}
2026-02-04 09:08:49,339 - processing.engine - INFO - Generating 3D Hawk-Eye replay for decision: OUT
2026-02-04 09:08:49,387 - processing.animation - INFO - DEBUG PROJECTION: Cam Pos: [  0.  12. -15.], Pitch: 45.0
2026-02-04 09:08:49,387 - processing.animation - INFO - DEBUG PROJECTION: Court Vertices: [[-3.05, 0, -6.7], [3.05, 0, -6.7], [3.05, 0, 6.7], [-3.05, 0, 6.7]]
2026-02-04 09:08:49,388 - processing.animation - INFO - DEBUG PROJECTION: Projected 2D: [(761, 710), (1158, 710), (1079, 270), (840, 270)]
2026-02-04 09:09:21,965 - processing.engine - INFO - Animation generation complete. 120 frames added.
2026-02-04 09:09:24,188 - processing.engine - INFO - Video processing finished. Total frames: 394
2026-02-04 09:09:24,190 - main - INFO - Processing complete for dac3513b-0f10-4a32-bf9f-b9a3e7f9325a.mp4
2026-02-04 17:04:17,132 - processing.engine - INFO - Initializing ProcessingEngine...
2026-02-04 17:04:17,397 - processing.engine - INFO - ProcessingEngine initialized.
2026-02-04 17:05:15,890 - processing.engine - INFO - Initializing ProcessingEngine...
2026-02-04 17:05:16,020 - processing.engine - INFO - ProcessingEngine initialized.
2026-02-04 18:25:06,582 - processing.engine - INFO - Initializing ProcessingEngine...
2026-02-04 18:25:06,691 - processing.engine - INFO - ProcessingEngine initialized.
2026-02-04 18:26:06,079 - processing.engine - INFO - Initializing ProcessingEngine...
2026-02-04 18:26:06,184 - processing.engine - INFO - ProcessingEngine initialized.
2026-02-04 18:31:49,870 - processing.engine - INFO - Initializing ProcessingEngine...
2026-02-04 18:31:50,016 - processing.engine - INFO - ProcessingEngine initialized.
2026-02-04 18:31:55,101 - processing.engine - INFO - Initializing ProcessingEngine...
2026-02-04 18:31:55,222 - processing.engine - INFO - ProcessingEngine initialized.
